[backblue.gif]
[fade.gif]
[index.html]
[defconpoa.org/images/favicon.ico]
[defconpoa.org/images/icon_transp.png]
[platform.twitter.com/widgets.js]
[defconpoa.org/images/defconpoabhack.jpg]
[defconpoa.org/images/arpha.jpg]
[defconpoa.org/images/bruno_diniz.jpg]
[defconpoa.org/images/maxi.jpg]
[defconpoa.org/images/gustavo_2.jpg]
[defconpoa.org/images/julio_cesar.jpg]
[defconpoa.org/images/aldo.png]
[defconpoa.org/images/rafael_salerno.jpg]
[defconpoa.org/images/felippe.jpg]
[defconpoa.org/images/manoel.jpg]
[defconpoa.org/images/andreo_vieira.jpg]
[defconpoa.org/images/banner1.jpg]
[defconpoa.org/images/fiap.jpg]
[defconpoa.org/index.html]
[defconpoa.org/css/bootstrap.css]
[defconpoa.org/images/interlace.png]
[defconpoa.org/css/main.css]
[defconpoa.org/index-2.html]
[defconpoa.org/images/dc-about.jpg]
[defconpoa.org/images/renato.jpg]
[defconpoa.org/images/joao.jpg]
[defconpoa.org/images/gustavo.jpg]
[defconpoa.org/images/vinicius.jpg]
[defconpoa.org/images/rafael_profile.jpg]
[defconpoa.org/images/eric.jpg]
[defconpoa.org/images/andres.jpg]
[defconpoa.org/images/victor.jpg]
[defconpoa.org/images/rob.jpg]
[defconpoa.org/images/humberto.jpg]
[defconpoa.org/images/banner3.jpg]
[defconpoa.org/images/dcg-logo.png]
[defconpoa.org/images/laptop.jpg]
[defconpoa.org/about.html]
[defconpoa.org/js/jquery-2.1.4.min.js]
[defconpoa.org/js/typed.min.js]
[defconpoa.org/js/main.js]
[defconpoa.org/js/audio.js]
[defconpoa.org/js/bootstrap.min.js]
[defconpoa.org/event.html]
[defconpoa.org/js/jquery-3.5.1.slim.min.js]
[defconpoa.org/popper.js]
